#-----------------------------------------------------------
# Vivado v2018.2 (64-bit)
# SW Build 2258646 on Thu Jun 14 20:03:12 MDT 2018
# IP Build 2256618 on Thu Jun 14 22:10:49 MDT 2018
# Start of session at: Mon Oct 21 18:28:09 2019
# Process ID: 19520
# Current directory: D:/A fall 2019/eecs31l/project_2
# Command line: vivado.exe -gui_launcher_event rodinguilauncherevent12492 D:\A fall 2019\eecs31l\project_2\project_2.xpr
# Log file: D:/A fall 2019/eecs31l/project_2/vivado.log
# Journal file: D:/A fall 2019/eecs31l/project_2\vivado.jou
#----------------------------------------------------------ststart_guopen_project {D:/A fall 2019/eecs31l/project_2/project_2.xpr}
uupdate_compile_order -fileset sources_1

add_files -norecurse {{D:/A fall 2019/eecs31l/project_2/project_2.srcs/sources_1/new/mux41.vhd}}
add_files -norecurse {{D:/A fall 2019/eecs31l/project_2/project_2.srcs/sources_1/new/mux41.vhd}}
launch_simulation
source tb_mux161.tcl
# Disabling source management mode.  This is to allow the top design properties to be set without GUI intervention.
set_property source_mgmt_mode None [current_project]
set_property top tb_MUX41 [get_filesets sim_1]
set_property top_lib xil_defaultlib [get_filesets sim_1]
# Re-enabling previously disabled source management mode.
set_property source_mgmt_mode All [current_project]
update_compile_order -fileset sim_1
launch_simulation
source tb_MUX41.tcl
close_sim
close_sim
